[1/4] 打包依赖检查...
[2/4] 跑测试(打包前先确认代码是好的)...
============================= test session starts =============================
platform win32 -- Python 3.13.0, pytest-9.1.1, pluggy-1.6.0
rootdir: D:\claude_test\Auto_test
configfile: pytest.ini
testpaths: tests
collected 524 items

tests\test_actions_basic.py .............                                [  2%]
tests\test_case_loading.py ....                                          [  3%]
tests\test_case_order.py ..                                              [  3%]
tests\test_compare_guard.py .....                                        [  4%]
tests\test_config_write.py ..........                                    [  6%]
tests\test_conftest_guard.py ....                                        [  7%]
tests\test_device_resolve.py ............                                [  9%]
tests\test_element_lookup.py ........................................... [ 17%]
.                                                                        [ 17%]
tests\test_excel_report.py ......                                        [ 19%]
tests\test_extract_value_spatial.py .........                            [ 20%]
tests\test_failure_trace.py ..........                                   [ 22%]
tests\test_gui.py ...................................................... [ 33%]
................................................................         [ 45%]
tests\test_map_ops.py .........                                          [ 46%]
tests\test_ocr_fallback.py ...............                               [ 49%]
tests\test_packaging.py .........................................        [ 57%]
tests\test_preconditions.py ............................................ [ 66%]
...                                                                      [ 66%]
tests\test_registry.py ....                                              [ 67%]
tests\test_release.py .............                                      [ 69%]
tests\test_room_zones.py ......                                          [ 70%]
tests\test_runner_core.py .........                                      [ 72%]
tests\test_schema.py ..............                                      [ 75%]
tests\test_session_and_timer.py ....................................     [ 82%]
tests\test_set_time.py ...                                               [ 82%]
tests\test_spot_clean.py ..........                                      [ 84%]
tests\test_text_multivalue.py ...                                        [ 85%]
tests\test_updater.py .................................................. [ 94%]
..                                                                       [ 95%]
tests\test_vision.py ............                                        [ 97%]
tests\test_yaml_runner.py sssssssssssss                                  [100%]

============================== warnings summary ===============================
tests/test_gui.py::test_case_arrows_real_click
tests/test_gui.py::test_case_row_name_click_selects
tests/test_gui.py::test_group_header_click_collapses
tests/test_gui.py::test_group_header_click_collapses
tests/test_gui.py::test_collapse_group_unloads_editor
tests/test_gui.py::test_collapse_via_real_click_after_reorder
tests/test_gui.py::test_collapse_via_real_click_after_reorder
tests/test_gui.py::test_collapse_empty_group_hides_placeholder
tests/test_gui.py::test_collapse_empty_group_hides_placeholder
  D:\claude_test\Auto_test\gui\main_window.py:1717: DeprecationWarning: Function: 'QMouseEvent.pos() const' is marked as deprecated, please check the documentation for more information.
    row, delta = self.itemDelegate().arrow_hit(event.pos())

tests/test_gui.py::test_imageview_centered_and_mouse_drag
  D:\claude_test\Auto_test\gui\main_window.py:322: DeprecationWarning: Function: 'QMouseEvent.pos() const' is marked as deprecated, please check the documentation for more information.
    self._drag_last = event.pos()

tests/test_gui.py::test_imageview_centered_and_mouse_drag
tests/test_gui.py::test_imageview_centered_and_mouse_drag
tests/test_gui.py::test_imageview_centered_and_mouse_drag
  D:\claude_test\Auto_test\gui\main_window.py:326: DeprecationWarning: Function: 'QMouseEvent.pos() const' is marked as deprecated, please check the documentation for more information.
    d = event.pos() - self._drag_last

tests/test_gui.py::test_imageview_centered_and_mouse_drag
tests/test_gui.py::test_imageview_centered_and_mouse_drag
tests/test_gui.py::test_imageview_centered_and_mouse_drag
  D:\claude_test\Auto_test\gui\main_window.py:327: DeprecationWarning: Function: 'QMouseEvent.pos() const' is marked as deprecated, please check the documentation for more information.
    self._drag_last = event.pos()

tests/test_gui.py::test_history_item_delete_real_click
tests/test_gui.py::test_history_popup_width_adapts_and_recomputes
tests/test_gui.py::test_history_delete_resizes_open_popup
tests/test_gui.py::test_both_name_combos_popup_equal_width
tests/test_gui.py::test_both_name_combos_popup_equal_width
  D:\claude_test\Auto_test\gui\main_window.py:1681: DeprecationWarning: Function: 'QMouseEvent.pos() const' is marked as deprecated, please check the documentation for more information.
    idx = self.view().indexAt(ev.pos())

tests/test_gui.py::test_history_item_delete_real_click
tests/test_gui.py::test_history_popup_width_adapts_and_recomputes
tests/test_gui.py::test_history_delete_resizes_open_popup
tests/test_gui.py::test_both_name_combos_popup_equal_width
tests/test_gui.py::test_both_name_combos_popup_equal_width
  D:\claude_test\Auto_test\gui\main_window.py:1684: DeprecationWarning: Function: 'QMouseEvent.pos() const' is marked as deprecated, please check the documentation for more information.
    if ev.pos().x() >= rect.right() - _HistComboDelegate._W:

-- Docs: https://docs.pytest.org/en/stable/how-to/capture-warnings.html
================ 511 passed, 13 skipped, 26 warnings in 56.82s ================
[3/4] 清理旧产物...
[4/4] PyInstaller 打包(onefile, 首次约需几分钟)...
58 DEPRECATION: Running PyInstaller as admin is not necessary nor sensible. Run PyInstaller from a non-administrator terminal. PyInstaller 7.0 will block this.
166 INFO: PyInstaller: 6.22.3, contrib hooks: 2026.7
166 INFO: Python: 3.13.0
195 INFO: Platform: Windows-10-10.0.19045-SP0
195 INFO: Python environment: D:\claude_test\Auto_test\.venv
268 INFO: Module search paths (PYTHONPATH):
['D:\\claude_test\\Auto_test',
 'C:\\Python\\python313.zip',
 'C:\\Python\\DLLs',
 'C:\\Python\\Lib',
 'C:\\Python',
 'D:\\claude_test\\Auto_test\\.venv',
 'D:\\claude_test\\Auto_test\\.venv\\Lib\\site-packages',
 'D:\\claude_test\\Auto_test']
1026 INFO: Appending 'datas' from .spec
1035 INFO: checking Analysis
1035 INFO: Building Analysis because Analysis-00.toc is non existent
1035 INFO: Looking for Python shared library...
1035 INFO: Using Python shared library: C:\Python\python313.dll
1035 INFO: Running Analysis Analysis-00.toc
1035 INFO: Target bytecode optimization level: 0
1035 INFO: Initializing module dependency graph...
1036 INFO: Initializing module graph hook caches...
1051 INFO: Analyzing modules for base_library.zip ...
2384 INFO: Processing standard module hook 'hook-encodings.py' from 'D:\\claude_test\\Auto_test\\.venv\\Lib\\site-packages\\PyInstaller\\hooks'
2833 INFO: Processing standard module hook 'hook-math.py' from 'D:\\claude_test\\Auto_test\\.venv\\Lib\\site-packages\\PyInstaller\\hooks'
3990 INFO: Processing standard module hook 'hook-pickle.py' from 'D:\\claude_test\\Auto_test\\.venv\\Lib\\site-packages\\PyInstaller\\hooks'
5032 INFO: Processing standard module hook 'hook-heapq.py' from 'D:\\claude_test\\Auto_test\\.venv\\Lib\\site-packages\\PyInstaller\\hooks'
5472 INFO: Caching module dependency graph...
5511 INFO: Analyzing D:\claude_test\Auto_test\gui\main.py
5534 INFO: Processing standard module hook 'hook-_ctypes.py' from 'D:\\claude_test\\Auto_test\\.venv\\Lib\\site-packages\\PyInstaller\\hooks'
5761 INFO: Processing standard module hook 'hook-PySide6.py' from 'D:\\claude_test\\Auto_test\\.venv\\Lib\\site-packages\\PyInstaller\\hooks'
5941 INFO: Processing standard module hook 'hook-shiboken6.py' from 'D:\\claude_test\\Auto_test\\.venv\\Lib\\site-packages\\PyInstaller\\hooks'
6752 INFO: Processing standard module hook 'hook-PySide6.QtWidgets.py' from 'D:\\claude_test\\Auto_test\\.venv\\Lib\\site-packages\\PyInstaller\\hooks'
12156 INFO: Processing standard module hook 'hook-PySide6.QtCore.py' from 'D:\\claude_test\\Auto_test\\.venv\\Lib\\site-packages\\PyInstaller\\hooks'
19735 INFO: Processing standard module hook 'hook-PySide6.QtGui.py' from 'D:\\claude_test\\Auto_test\\.venv\\Lib\\site-packages\\PyInstaller\\hooks'
